// Jest Snapshot v1, https://goo.gl/fbAQLP

exports[`Search renders 1`] = `
<header
  className="makeStyles-header-1"
/>
`;
